components/cta/form.tsx(12,24): error TS2307: Cannot find module 'react-phone-number-input' or its corresponding type declarations.
components/cta/form.tsx(13,33): error TS2307: Cannot find module 'libphonenumber-js/core' or its corresponding type declarations.
components/how-it-works/HowClosingCTA.tsx(43,19): error TS2322: Type '(type?: "resource" | "default" | undefined, data?: { name: string; type: "eBook" | "Whitepaper" | "Case Study"; } | undefined) => void' is not assignable to type 'MouseEventHandler<HTMLButtonElement>'.
  Types of parameters 'type' and 'event' are incompatible.
    Type 'MouseEvent<HTMLButtonElement, MouseEvent>' is not assignable to type '"resource" | "default" | undefined'.
components/how-it-works/HowClosingCTA.tsx(52,19): error TS2322: Type '(type?: "resource" | "default" | undefined, data?: { name: string; type: "eBook" | "Whitepaper" | "Case Study"; } | undefined) => void' is not assignable to type 'MouseEventHandler<HTMLButtonElement>'.
  Types of parameters 'type' and 'event' are incompatible.
    Type 'MouseEvent<HTMLButtonElement, MouseEvent>' is not assignable to type '"resource" | "default" | undefined'.
